src/app/components/LandingPage.tsx(6,5): error TS2657: JSX expressions must have one parent element.
src/app/components/LandingPage.tsx(250,8): error TS17008: JSX element 'section' has no corresponding closing tag.
src/app/components/LandingPage.tsx(251,120): error TS1382: Unexpected token. Did you mean `{'>'}` or `&gt;`?
src/app/components/LandingPage.tsx(252,9): error TS1003: Identifier expected.
src/app/components/LandingPage.tsx(267,7): error TS1005: ')' expected.
src/app/components/LandingPage.tsx(270,15): error TS1005: ';' expected.
src/app/components/LandingPage.tsx(332,7): error TS1128: Declaration or statement expected.
src/app/components/LandingPage.tsx(333,5): error TS1109: Expression expected.
src/app/components/LandingPage.tsx(334,3): error TS1109: Expression expected.
